------------------------------------------------------------
Timing Analyzer Summary
------------------------------------------------------------

Type  : Slow 1100mV 85C Model Setup 'clk'
Slack : -0.629
TNS   : -1.460

Type  : Slow 1100mV 85C Model Hold 'clk'
Slack : 0.332
TNS   : 0.000

Type  : Slow 1100mV 85C Model Minimum Pulse Width 'clk'
Slack : -0.394
TNS   : -4.752

Type  : Slow 1100mV 0C Model Setup 'clk'
Slack : -0.599
TNS   : -1.407

Type  : Slow 1100mV 0C Model Hold 'clk'
Slack : 0.322
TNS   : 0.000

Type  : Slow 1100mV 0C Model Minimum Pulse Width 'clk'
Slack : -0.394
TNS   : -5.059

Type  : Fast 1100mV 85C Model Setup 'clk'
Slack : 0.071
TNS   : 0.000

Type  : Fast 1100mV 85C Model Hold 'clk'
Slack : 0.192
TNS   : 0.000

Type  : Fast 1100mV 85C Model Minimum Pulse Width 'clk'
Slack : -0.087
TNS   : -0.773

Type  : Fast 1100mV 0C Model Setup 'clk'
Slack : 0.127
TNS   : 0.000

Type  : Fast 1100mV 0C Model Hold 'clk'
Slack : 0.176
TNS   : 0.000

Type  : Fast 1100mV 0C Model Minimum Pulse Width 'clk'
Slack : -0.086
TNS   : -0.770

------------------------------------------------------------
